AREA .  .ABS.
	RADIX HEX
	BASE 0000
	SIZE 0000
	ATTRIB ABS OVR
	GLOBALS
		l__HEAP	0000
		l__BSEG	0000
		l_.  .ABS.	0000
		l__GSFINAL	0000
		l__ISEG	0000
		s_.  .ABS.	0000
		s__HEADER	0000
		l__XSEG	0000
		.init	0000
		l__OVERLAY	0000
		l__LIT	0000
		l__GSINITTAIL	0001
		l__BSS	005E
		l__HEADER	01E1
		s__CODE	0200
		l__HOME	0254
		l__BASE	0353
		l__CODE_1	0671
		l__DATA	080E
		l__GSINIT	1309
		l__CODE	1526
		l__CODE_5	15EF
		s__HOME	1726
		s__BASE	197A
		l__CODE_22	1B79
		s__LIT	1CCD
		s__GSINIT	1CCD
		l__CODE_29	203D
		l__CODE_25	21FC
		l__CODE_3	226F
		l__CODE_31	2379
		l__CODE_24	2788
		l__CODE_4	2B57
		s__GSINITTAIL	2FD6
		s__GSFINAL	2FD7
		l__CODE_27	2FFB
		l__CODE_26	301D
		l__CODE_28	33C8
		l__CODE_13	3675
		l__CODE_15	37C5
		l__CODE_12	3825
		l__CODE_14	38A5
		l__CODE_30	3AEE
		l__CODE_18	3E53
		l__CODE_19	3F4D
		l__CODE_11	3F51
		l__CODE_9	3F95
		l__CODE_17	3FBE
		l__CODE_20	3FD0
		l__CODE_10	3FD3
		l__CODE_7	3FDB
		l__CODE_6	3FE0
		l__CODE_8	3FEB
		l__CODE_16	3FF6
		l__CODE_21	3FFF
		s__CODE_10	4000
		s__CODE_20	4000
		s__CODE_11	4000
		s__CODE_30	4000
		s__CODE_21	4000
		s__CODE_12	4000
		s__CODE_31	4000
		s__CODE_22	4000
		s__CODE_13	4000
		s__CODE_14	4000
		s__CODE_24	4000
		s__CODE_15	4000
		s__CODE_25	4000
		s__CODE_16	4000
		s__CODE_26	4000
		s__CODE_17	4000
		s__CODE_27	4000
		s__CODE_18	4000
		s__CODE_28	4000
		s__CODE_19	4000
		s__CODE_29	4000
		s__CODE_1	4000
		s__CODE_3	4000
		s__CODE_4	4000
		s__CODE_5	4000
		s__CODE_6	4000
		s__CODE_7	4000
		s__CODE_8	4000
		s__CODE_9	4000
		.OAM	C000
		s__DATA	C0A0
		s__BSS	C8AE
		s__HEAP	C90C
		s__BSEG	C90C
		s__ISEG	C90C
		s__XSEG	C90C
		s__OVERLAY	C90C
		.STACK	E000
		.refresh_OAM	FF80
AREA _CODE
	RADIX HEX
	BASE 0200
	SIZE 1526
	ATTRIB REL CON
	GLOBALS
		_SetBankedBkgData	0200
		_SetBankedBkgTiles	0222
		_SetBankedWinTiles	024C
		_SetBankedSpriteData	0276
		_ReadBankedUBYTE	0298
		_ReadBankedUBYTEArray	02B0
		_ReadBankedUWORD	02EA
		_StrCpyBanked	0320
		_ReadBankedBankPtr	0352
		_PushBank	038C
		_PopBank	03AF
		_FadeInit	03EC
		_FadeIn	0408
		_FadeOut	0446
		_FadeUpdate	0484
		_FadeSetSpeed	051B
		_IsFading	052F
		_ClampUBYTE	0534
		_MusicPlay	0554
		_MusicStop	05C3
		_SceneInit	05D9
		_SceneUpdate	06A3
		_SceneSetEmote	06B5
		_SceneIsEmoting	06D2
		_SceneCameraAtDest	06E8
		_SceneRenderActor	06FE
		_ScriptStart	0717
		_ScriptRunnerUpdate	0776
		_ScriptLastFnComplete	0892
		_SpritesReset	0A4C
		_StackPush	0A77
		_StackPop	0AA6
		_UIInit	0AD5
		_ui_cursor_tiles	0AE7
		_ui_bg_tiles	0AE8
		_UIUpdate	0AE9
		_UIDrawFrame	0AFB
		_UIDrawDialogueFrame	0B20
		_UIDrawText	0B39
		_UIDrawTextBkg	0BA2
		_UIShowText	0C0B
		_UIShowChoice	0E93
		_UISetTextBuffer	0EE4
		_UIDrawTextBuffer	0F1F
		_UIDrawTextBufferChar	0F36
		_UISetPos	1137
		_UIMoveTo	1150
		_UIIsClosed	117F
		_UIOnInteract	11C9
		_UIAtDest	1305
		_UISetColor	1334
		_main	1352
		_game_loop	142C
		gbt_get_pattern_ptr	14F9
		_gbt_play	1516
		_gbt_pause	15D1
		_gbt_loop	15DD
		_gbt_stop	15E4
		_gbt_enable_channels	15EF
		_gbt_update	15F6
		_rand	16FB
		_randw	16FB
AREA _HEADER
	RADIX HEX
	BASE 0000
	SIZE 01E1
	ATTRIB ABS OVR
	GLOBALS
		_exit	01D2
AREA _HOME
	RADIX HEX
	BASE 1726
	SIZE 0254
	ATTRIB REL CON
	GLOBALS
		.set_mode	1726
		.remove_VBL	1736
		.remove_LCD	173C
		.remove_TIM	1742
		.remove_SIO	1748
		.remove_JOY	174E
		.add_VBL	1754
		.add_LCD	175A
		.add_TIM	1760
		.add_SIO	1766
		.add_JOY	176C
		.remove_int	1772
		.add_int	1792
		.wait_vbl_done	17AE
		_wait_vbl_done	17AE
		_display_off	17C5
		.display_off	17C5
		.serial_IO	17E6
		_mode	1815
		_get_mode	181E
		_enable_interrupts	1823
		_disable_interrupts	1825
		_reset	1827
		.reset	1827
		_set_interrupts	182D
		_remove_VBL	1838
		_remove_LCD	1843
		_remove_TIM	184E
		_remove_SIO	1859
		_remove_JOY	1864
		_add_VBL	186F
		_add_LCD	187A
		_add_TIM	1885
		_add_SIO	1890
		_add_JOY	189B
		_clock	18A6
		__printTStates	18AF
		banked_call	18B0
		banked_ret	18C9
		_strcat	18D2
		_strlen	1943
AREA _BASE
	RADIX HEX
	BASE 197A
	SIZE 0353
	ATTRIB REL CON
	GLOBALS
		.set_sprite_prop	197A
		_set_sprite_prop	1987
		_initrand	1992
		.initrand	1994
		_strcpy	199D
		_memcpy	19AF
		_strcmp	19CF
		.mv_sprite	19F3
		_move_sprite	1A02
		__mulschar	1A0F
		__muluchar	1A0F
		__mulsint	1A1B
		__muluint	1A1B
		.mulu16	1A2F
		.mul16	1A2F
		__modslong	1A45
		__divslong	1A45
		__mulslong	1A45
		__divschar	1A46
		__modschar	1A52
		__divsint	1A5D
		__modsint	1A6E
		__divuchar	1A7D
		__moduchar	1A89
		__divuint	1A94
		__moduint	1AA5
		.mod8	1AB4
		.div8	1AB4
		.mod16	1ABC
		.div16	1ABC
		.modu8	1AF2
		.divu8	1AF2
		.modu16	1AF5
		.divu16	1AF5
		_set_win_tiles	1B32
		_set_win_data	1B46
		_set_bkg_data	1B46
		_set_sprite_data	1B93
		.padup	1BC2
		_waitpadup	1BC2
		.jpad	1BD2
		.wait_pad	1BFF
		_joypad	1C06
		_waitpad	1C0B
		.set_sprite_tile	1C15
		_set_sprite_tile	1C22
		.copy_vram	1C2D
		_get_data	1C3C
		_set_data	1C3C
		_set_bkg_tiles	1C4F
		.set_xy_wtt	1C63
		.set_xy_btt	1C74
		.set_xy_tt	1C83
		_set_tiles	1CB4
AREA _LIT
	RADIX HEX
	BASE 1CCD
	SIZE 0000
	ATTRIB REL CON
AREA _GSINIT
	RADIX HEX
	BASE 1CCD
	SIZE 1309
	ATTRIB REL CON
	GLOBALS
		gsinit	1CCD
AREA _GSINITTAIL
	RADIX HEX
	BASE 2FD6
	SIZE 0001
	ATTRIB REL CON
AREA _GSFINAL
	RADIX HEX
	BASE 2FD7
	SIZE 0000
	ATTRIB REL CON
AREA _DATA
	RADIX HEX
	BASE C0A0
	SIZE 080E
	ATTRIB REL CON
	GLOBALS
		_bank_stack	C0A0
		_fade_running	C0AB
		_current_index	C0B0
		_map_next_pos	C0B1
		_map_next_dir	C0B3
		_map_next_sprite	C0B5
		_actors	C0B6
		_triggers	C1A8
		_scene_index	C202
		_scene_next_index	C204
		_await_input	C206
		_camera_dest	C207
		_camera_settings	C209
		_camera_speed	C20A
		_wait_time	C20B
		_shake_time	C20C
		_scene_width	C20D
		_scene_height	C20E
		_input_script_ptrs	C20F
		_scene_bank	C227
		_image_index	C228
		_tileset_index	C22A
		_scene_load_col_ptr	C22B
		_collision_tiles_len	C22D
		_col_bank	C22E
		_events_ptr	C22F
		_bank_ptr	C232
		_check_triggers	C235
		_scene_num_actors	C236
		_scene_num_triggers	C237
		_emote_type	C238
		_emote_timer	C239
		_emote_actor	C23A
		_scene_col_tiles	C23B
		_camera_moved	C2BB
		_directions	C2BC
		_update_dir	C2C6
		_last_joy	C2C8
		_ptr_div_reg	C2C9
		_script_ptr_bank	C2CB
		_script_ptr	C2CC
		_script_ptr_x	C2CE
		_script_ptr_y	C2D0
		_script_start_ptr	C2D2
		_script_cmd_args	C2D4
		_script_cmd_args_len	C2DA
		_last_fn	C2DB
		_script_stack_ptr	C2DD
		_script_stack	C2DE
		_script_cmds	C2EE
		_scriptrunner_bank	C3E1
		_RAMPtr	C3E2
		_win_pos_x	C3E4
		_win_pos_y	C3E5
		_win_dest_pos_x	C3E6
		_win_dest_pos_y	C3E7
		_win_speed	C3E8
		_text_x	C3E9
		_text_y	C3EA
		_text_drawn	C3EB
		_text_count	C3EC
		_text_wait	C3ED
		_text_in_speed	C3EE
		_text_out_speed	C3EF
		_text_draw_speed	C3F0
		_tmp_text_in_speed	C3F1
		_tmp_text_out_speed	C3F2
		_choice_enabled	C3F3
		_choice_index	C3F4
		_choice_flag	C3F5
		_text_lines	C3F7
		_tmp_text_lines	C447
		_ui_bank	C497
		_joy	C498
		_prev_joy	C499
		_time	C49A
		_rand_seed	C49B
		_actor_move_settings	C49D
		_actor_move_dest	C49E
		_stage_type	C4A0
		_stage_next_type	C4A1
		_script_continue	C4A2
		_script_action_complete	C4A3
		_script_actor	C4A4
		_scene_stack_ptr	C4A5
		_scene_stack	C4A6
		gbt_playing	C4D6
		gbt_song	C4D7
		gbt_bank	C4D9
		gbt_speed	C4DA
		gbt_temp_play_data	C4DB
		gbt_loop_enabled	C4E7
		gbt_ticks_elapsed	C4E8
		gbt_current_step	C4E9
		gbt_current_pattern	C4EA
		gbt_current_step_data_ptr	C4EB
		gbt_channels_enabled	C4ED
		gbt_pan	C4EE
		gbt_vol	C4F2
		gbt_instr	C4F6
		gbt_freq	C4FA
		gbt_channel3_loaded_instrument	C500
		gbt_arpeggio_freq_index	C501
		gbt_arpeggio_enabled	C50A
		gbt_arpeggio_tick	C50D
		gbt_cut_note_tick	C510
		gbt_have_to_stop_next_step	C514
		gbt_update_pattern_pointers	C515
		_bank_data_ptrs	C516
		_music_tracks	C544
		_script_variables	C590
		_music_0b9922c429_Data	C692
		_music_0ee528d39_Data	C6A0
		_music_0f9c315a31_Data	C6A4
		_music_169aee5116_Data	C6C2
		_music_1e9fc8d00_Data	C6D8
		_music_21423c2c7_Data	C6DE
		_music_22c7914e34_Data	C6E2
		_music_24c4396a27_Data	C6F8
		_music_33dea33613_Data	C6FE
		_music_3b05d9ce8_Data	C702
		_music_4f296fdb1_Data	C706
		_music_624c97cc36_Data	C70C
		_music_6310971a23_Data	C724
		_music_64c8d9da32_Data	C728
		_music_68e020f914_Data	C742
		_music_72f9df3212_Data	C75A
		_music_75d4815c6_Data	C76E
		_music_9f9696154_Data	C784
		_music_a23552a515_Data	C79C
		_music_a472810d2_Data	C7A6
		_music_b06a387a33_Data	C7B6
		_music_b0732d5f35_Data	C7D2
		_music_b6eb896b20_Data	C7E6
		_music_ba75469418_Data	C7F0
		_music_ca79170311_Data	C804
		_music_d3bf0f0430_Data	C81C
		_music_d88b7a8124_Data	C82E
		_music_dbcb61ef21_Data	C838
		_music_df1296c025_Data	C84E
		_music_e5512a9a22_Data	C854
		_music_e62e557e28_Data	C85C
		_music_e855dc455_Data	C86A
		_music_f31eea5e19_Data	C876
		_music_f538970d10_Data	C88C
		_music_f8a8db783_Data	C890
		_music_fbcd676826_Data	C896
		_music_ff61756a17_Data	C8AA
AREA _BSS
	RADIX HEX
	BASE C8AE
	SIZE 005E
	ATTRIB REL CON
	GLOBALS
		__cpu	C8AE
		.mode	C8AF
		__io_out	C8B0
		__io_in	C8B1
		__io_status	C8B2
		.vbl_done	C8B3
		__current_bank	C8B4
		_sys_time	C8B5
		.sys_time	C8B5
		.int_0x40	C8B7
		.int_0x48	C8C7
		.int_0x50	C8D7
		.int_0x58	C8E7
		.int_0x60	C8F7
		.randhi	C907
		.randlo	C908
AREA _HEAP
	RADIX HEX
	BASE C90C
	SIZE 0000
	ATTRIB REL CON
	GLOBALS
		_malloc_heap_start	C90C
AREA _OVERLAY
	RADIX HEX
	BASE C90C
	SIZE 0000
	ATTRIB REL CON
AREA _ISEG
	RADIX HEX
	BASE C90C
	SIZE 0000
	ATTRIB REL CON
AREA _BSEG
	RADIX HEX
	BASE C90C
	SIZE 0000
	ATTRIB REL CON
AREA _XSEG
	RADIX HEX
	BASE C90C
	SIZE 0000
	ATTRIB REL CON
AREA _CODE_3
	RADIX HEX
	BASE 4000
	SIZE 226F
	ATTRIB REL CON
	GLOBALS
		_SceneInit_b1	4000
		_emote_offsets	4022
		_dir_up	405A
		_dir_down	405C
		_dir_left	405E
		_dir_right	4060
		_dir_none	4062
		_SceneInit_b2	4064
		_SceneInit_b3	47D0
		_SceneInit_b4	4843
		_SceneInit_b5	485E
		_SceneInit_b6	49AF
		_SceneInit_b7	4AA3
		_SceneInit_b8	4B3E
		_SceneInit_b9	4B8E
		_SceneUpdate_b	4CE5
		_SceneHandleWait	4D07
		_SceneHandleTransition	4D23
		_SceneUpdateCamera_b	4D53
		_SceneUpdateActors_b	4EF5
		_SceneUpdateActorMovement_b	5662
		_SceneHandleTriggers_b	5835
		_SceneUpdateCameraShake_b	58FA
		_SceneUpdateEmoteBubble_b	5916
		_SceneRender	5BCB
		_SceneRenderCameraShake_b	5BD5
		_SceneRenderActors_b	5BFF
		_SceneRenderActor_b	5DCD
		_SceneRenderEmoteBubble_b	5F59
		_ScenePlayerAt_b	5FEF
		_SceneNpcAt_b	6043
		_SceneTriggerAt_b	6112
		_SceneSetEmote_b	61A1
		_SceneIsEmoting_b	622D
		_SceneCameraAtDest_b	623C
AREA _CODE_4
	RADIX HEX
	BASE 4000
	SIZE 2B57
	ATTRIB REL CON
	GLOBALS
		_Script_Noop_b	4000
		_Script_End_b	4015
		_Script_Text_b	4023
		_Script_Goto_b	4061
		_Script_IfFlag_b	4097
		_Script_IfValue_b	410B
		_Script_SetFlag_b	4235
		_Script_ClearFlag_b	4278
		_Script_ActorSetDir_b	42BB
		_Script_ActorActivate_b	4384
		_Script_CameraMoveTo_b	43A6
		_Script_CameraLock_b	4414
		_Script_Wait_b	4498
		_Script_FadeOut_b	44BA
		_Script_FadeIn_b	44E4
		_Script_LoadScene_b	450E
		_Script_ActorSetPos_b	462F
		_Script_ActorMoveTo_b	46C7
		_Script_ShowSprites_b	473B
		_Script_HideSprites_b	476F
		_Script_ActorShow_b	47A3
		_Script_ActorHide_b	47E3
		_Script_ActorSetEmote_b	4823
		_Script_CameraShake_b	4852
		_Script_ShowOverlay_b	4874
		_Script_HideOverlay_b	48C4
		_Script_OverlaySetPos_b	48EB
		_Script_OverlayMoveTo_b	492E
		_Script_AwaitInput_b	497F
		_Script_MusicPlay_b	49A1
		_Script_MusicStop_b	49D6
		_Script_ResetVariables_b	49FB
		_Script_NextFrame_b	4A3F
		_Script_IncFlag_b	4A59
		_Script_DecFlag_b	4AB5
		_Script_SetFlagValue_b	4B10
		_Script_IfInput_b	4B5D
		_Script_Choice_b	4BB8
		_Script_PlayerSetSprite_b	4C1A
		_Script_ActorPush_b	4D88
		_Script_IfActorPos_b	4EC0
		_Script_SaveData_b	4F71
		_Script_LoadData_b	5069
		_Script_ClearData_b	51D1
		_Script_IfSavedData_b	5205
		_Script_IfActorDirection_b	5275
		_Script_SetFlagRandomValue_b	5353
		_Script_ActorGetPos_b	53D0
		_Script_ActorSetPosToVal_b	545B
		_Script_ActorMoveToVal_b	550B
		_Script_ActorMoveRel_b	5596
		_Script_ActorSetPosRel_b	56B2
		_Script_MathAdd_b	580C
		_Script_MathSub_b	5862
		_Script_MathMul_b	58BD
		_Script_MathDiv_b	5921
		_Script_MathMod_b	5985
		_Script_MathAddVal_b	59E9
		_Script_MathSubVal_b	5A41
		_Script_MathMulVal_b	5A99
		_Script_MathDivVal_b	5B02
		_Script_MathModVal_b	5B6B
		_Script_CopyVal_b	5BD4
		_Script_IfValueCompare_b	5C16
		_Script_LoadVectors_b	5D2E
		_Script_ActorSetMoveSpeed_b	5D8A
		_Script_ActorSetAnimSpeed_b	5DD6
		_Script_TextSetAnimSpeed_b	5E22
		_Script_ActorInvoke_b	5E54
		_Script_StackPush_b	5E81
		_Script_StackPop_b	5EC9
		_Script_ScenePushState_b	5EEA
		_Script_ScenePopState_b	5FBE
		_Script_SceneResetStack_b	60CE
		_Script_ScenePopAllState_b	60ED
		_Script_SetInputScript_b	61C8
		_Script_RemoveInputScript_b	6250
		_Script_ActorSetFrame_b	62A8
		_Script_ActorSetFlip_b	6336
		_Script_TextMulti_b	6394
		_UIInit_b	6419
		_ui_frame_tl_tiles	64A5
		_ui_frame_bl_tiles	64A6
		_ui_frame_tr_tiles	64A7
		_ui_frame_br_tiles	64A8
		_ui_frame_t_tiles	64A9
		_ui_frame_b_tiles	64AA
		_ui_frame_l_tiles	64AB
		_ui_frame_r_tiles	64AC
		_ui_frame_bg_tiles	64AD
		_ui_colors	64AE
		_ui_white	677E
		_ui_black	678E
		_UIUpdate_b	679E
		_UIDrawFrame_b	6877
		_UIDrawDialogueFrame_b	69D4
		_UISetColor_b	6B03
AREA _CODE_1
	RADIX HEX
	BASE 4000
	SIZE 0671
	ATTRIB REL CON
	GLOBALS
		gbt_channel_1_handle	412C
		gbt_channel_2_handle	4283
		gbt_channel_3_handle	43D6
		gbt_channel_4_handle	4548
		gbt_update_bank1	4638
		gbt_update_effects_bank1	4654
AREA _CODE_10
	RADIX HEX
	BASE 4000
	SIZE 3FD3
	ATTRIB REL CON
	GLOBALS
		_bank_10_data	4000
AREA _CODE_11
	RADIX HEX
	BASE 4000
	SIZE 3F51
	ATTRIB REL CON
	GLOBALS
		_bank_11_data	4000
AREA _CODE_12
	RADIX HEX
	BASE 4000
	SIZE 3825
	ATTRIB REL CON
	GLOBALS
		_bank_12_data	4000
AREA _CODE_13
	RADIX HEX
	BASE 4000
	SIZE 3675
	ATTRIB REL CON
	GLOBALS
		_bank_13_data	4000
AREA _CODE_14
	RADIX HEX
	BASE 4000
	SIZE 38A5
	ATTRIB REL CON
	GLOBALS
		_bank_14_data	4000
AREA _CODE_15
	RADIX HEX
	BASE 4000
	SIZE 37C5
	ATTRIB REL CON
	GLOBALS
		_bank_15_data	4000
AREA _CODE_16
	RADIX HEX
	BASE 4000
	SIZE 3FF6
	ATTRIB REL CON
	GLOBALS
		_bank_16_data	4000
AREA _CODE_17
	RADIX HEX
	BASE 4000
	SIZE 3FBE
	ATTRIB REL CON
	GLOBALS
		_bank_17_data	4000
AREA _CODE_18
	RADIX HEX
	BASE 4000
	SIZE 3E53
	ATTRIB REL CON
	GLOBALS
		_bank_18_data	4000
AREA _CODE_19
	RADIX HEX
	BASE 4000
	SIZE 3F4D
	ATTRIB REL CON
	GLOBALS
		_bank_19_data	4000
AREA _CODE_20
	RADIX HEX
	BASE 4000
	SIZE 3FD0
	ATTRIB REL CON
	GLOBALS
		_bank_20_data	4000
AREA _CODE_21
	RADIX HEX
	BASE 4000
	SIZE 3FFF
	ATTRIB REL CON
	GLOBALS
		_bank_21_data	4000
AREA _CODE_22
	RADIX HEX
	BASE 4000
	SIZE 1B79
	ATTRIB REL CON
	GLOBALS
		_bank_22_data	4000
AREA _CODE_6
	RADIX HEX
	BASE 4000
	SIZE 3FE0
	ATTRIB REL CON
	GLOBALS
		_bank_6_data	4000
AREA _CODE_7
	RADIX HEX
	BASE 4000
	SIZE 3FDB
	ATTRIB REL CON
	GLOBALS
		_bank_7_data	4000
AREA _CODE_8
	RADIX HEX
	BASE 4000
	SIZE 3FEB
	ATTRIB REL CON
	GLOBALS
		_bank_8_data	4000
AREA _CODE_9
	RADIX HEX
	BASE 4000
	SIZE 3F95
	ATTRIB REL CON
	GLOBALS
		_bank_9_data	4000
AREA _CODE_5
	RADIX HEX
	BASE 4000
	SIZE 15EF
	ATTRIB REL CON
	GLOBALS
		_tileset_bank_ptrs	4000
		_background_bank_ptrs	4066
		_sprite_bank_ptrs	4195
		_scene_bank_ptrs	4279
		_string_bank_ptrs	43AE
		_music_banks	55C9
AREA _CODE_29
	RADIX HEX
	BASE 4000
	SIZE 203D
	ATTRIB REL CON
	GLOBALS
		_music_0b9922c4290	4000
		_music_0b9922c4291	4128
		_music_0b9922c4292	4271
		_music_0b9922c4293	43D8
		_music_0b9922c4294	453F
		_music_0b9922c4295	4683
		_music_0b9922c4296	479B
		_music_0b9922c4297	4902
		_music_33dea336130	4A69
		_music_dbcb61ef210	4B7B
		_music_dbcb61ef211	4C89
		_music_dbcb61ef212	4D8A
		_music_dbcb61ef213	4E94
		_music_dbcb61ef214	4F9D
		_music_dbcb61ef215	50A3
		_music_dbcb61ef216	51B9
		_music_dbcb61ef217	52C6
		_music_dbcb61ef218	53C7
		_music_dbcb61ef219	54D1
		_music_e855dc4550	55D8
		_music_e855dc4551	56F6
		_music_e855dc4552	5814
		_music_e855dc4553	5949
		_music_e855dc4554	5A64
		_music_e855dc4555	5B99
		_music_e855dc4556	5CCE
		_music_e855dc4557	5E05
		_music_e855dc4558	5F3C
AREA _CODE_25
	RADIX HEX
	BASE 4000
	SIZE 21FC
	ATTRIB REL CON
	GLOBALS
		_music_0ee528d390	4000
		_music_4f296fdb10	4102
		_music_4f296fdb11	4204
		_music_b06a387a330	434F
		_music_b06a387a331	4488
		_music_b06a387a332	45C4
		_music_b06a387a333	4700
		_music_b06a387a334	483C
		_music_b06a387a335	498C
		_music_b06a387a336	4A8C
		_music_b06a387a337	4B8C
		_music_b06a387a338	4C8C
		_music_b06a387a339	4D8C
		_music_b06a387a3310	4E8E
		_music_b06a387a3311	4FCA
		_music_b06a387a3312	50CA
		_music_b06a387a3313	5206
		_music_b06a387a3314	5307
		_music_b06a387a3315	5437
		_music_b06a387a3316	5586
		_music_b06a387a3317	56D5
		_music_b06a387a3318	5829
		_music_b06a387a3319	5979
		_music_df1296c0250	5AD0
		_music_df1296c0251	5BDE
		_music_df1296c0252	5CDF
		_music_df1296c0253	5DE9
		_music_df1296c0254	5EF2
		_music_df1296c0255	5FF8
		_music_ff61756a170	60FB
AREA _CODE_31
	RADIX HEX
	BASE 4000
	SIZE 2379
	ATTRIB REL CON
	GLOBALS
		_music_0f9c315a310	4000
		_music_0f9c315a311	4120
		_music_0f9c315a312	4240
		_music_0f9c315a313	4368
		_music_0f9c315a314	4492
		_music_0f9c315a315	45E6
		_music_0f9c315a316	4734
		_music_0f9c315a317	4884
		_music_0f9c315a318	49D2
		_music_0f9c315a319	4B42
		_music_0f9c315a3110	4CC2
		_music_0f9c315a3111	4DC2
		_music_0f9c315a3112	4EC4
		_music_0f9c315a3113	4FC5
		_music_0f9c315a3114	5165
		_music_0f9c315a3115	52F5
		_music_0f9c315a3116	5426
		_music_21423c2c70	5534
		_music_6310971a230	563D
		_music_a23552a5150	573F
		_music_a23552a5151	5843
		_music_a23552a5152	5997
		_music_a23552a5153	5AE9
		_music_a23552a5154	5BE9
		_music_a23552a5155	5CEA
		_music_a23552a5156	5DEF
		_music_a23552a5157	5F1D
		_music_a23552a5158	604B
		_music_a23552a5159	6179
		_music_a23552a51510	6279
AREA _CODE_24
	RADIX HEX
	BASE 4000
	SIZE 2788
	ATTRIB REL CON
	GLOBALS
		_music_169aee51160	4000
		_music_169aee51161	4104
		_music_169aee51162	4232
		_music_169aee51163	4360
		_music_169aee51164	448E
		_music_169aee51165	45B5
		_music_169aee51166	46B8
		_music_169aee51167	47E6
		_music_169aee51168	4914
		_music_169aee51169	4A42
		_music_1e9fc8d000	4B6F
		_music_1e9fc8d001	4C6F
		_music_3b05d9ce80	4D6F
		_music_64c8d9da320	4E84
		_music_64c8d9da321	4FBE
		_music_64c8d9da322	50FB
		_music_64c8d9da323	5238
		_music_64c8d9da324	5375
		_music_64c8d9da325	54C4
		_music_64c8d9da326	55C4
		_music_64c8d9da327	56C4
		_music_64c8d9da328	57C4
		_music_64c8d9da329	58C4
		_music_64c8d9da3210	59C6
		_music_64c8d9da3211	5B02
		_music_64c8d9da3212	5C02
		_music_64c8d9da3213	5D3E
		_music_64c8d9da3214	5E3F
		_music_64c8d9da3215	5F6F
		_music_64c8d9da3216	60BE
		_music_d88b7a81240	620E
		_music_d88b7a81241	632A
		_music_d88b7a81242	6445
		_music_d88b7a81243	654B
		_music_d88b7a81244	666D
AREA _CODE_26
	RADIX HEX
	BASE 4000
	SIZE 301D
	ATTRIB REL CON
	GLOBALS
		_music_22c7914e340	4000
		_music_22c7914e341	4127
		_music_22c7914e342	424E
		_music_22c7914e343	4354
		_music_22c7914e344	4477
		_music_22c7914e345	459C
		_music_22c7914e346	46CC
		_music_22c7914e347	47FC
		_music_22c7914e348	4926
		_music_22c7914e349	4A4C
		_music_22c7914e3410	4B76
		_music_22c7914e3411	4CA1
		_music_22c7914e3412	4DD1
		_music_22c7914e3413	4F19
		_music_22c7914e3414	504C
		_music_22c7914e3415	518E
		_music_a472810d20	52C3
		_music_a472810d21	53DA
		_music_a472810d22	54F4
		_music_a472810d23	5614
		_music_a472810d24	572B
		_music_a472810d25	5845
		_music_a472810d26	5965
		_music_ba754694180	5A66
		_music_ba754694181	5B74
		_music_ba754694182	5C75
		_music_ba754694183	5D7F
		_music_ba754694184	5E88
		_music_ba754694185	5F8E
		_music_ba754694186	609F
		_music_ba754694187	61AC
		_music_ba754694188	62AD
		_music_ba754694189	63B7
		_music_f538970d100	64BE
		_music_fbcd6768260	65D0
		_music_fbcd6768261	6713
		_music_fbcd6768262	6855
		_music_fbcd6768263	6998
		_music_fbcd6768264	6AD7
		_music_fbcd6768265	6BD8
		_music_fbcd6768266	6CD8
		_music_fbcd6768267	6DD8
		_music_fbcd6768268	6F0F
AREA _CODE_27
	RADIX HEX
	BASE 4000
	SIZE 2FFB
	ATTRIB REL CON
	GLOBALS
		_music_24c4396a270	4000
		_music_24c4396a271	4113
		_music_24c4396a272	4214
		_music_24c4396a273	431E
		_music_24c4396a274	4427
		_music_24c4396a275	452D
		_music_24c4396a276	4640
		_music_24c4396a277	4754
		_music_b0732d5f350	4855
		_music_b0732d5f351	4957
		_music_b0732d5f352	4A5A
		_music_b0732d5f353	4B5B
		_music_b0732d5f354	4C5D
		_music_b0732d5f355	4D5F
		_music_b0732d5f356	4E5F
		_music_b0732d5f357	4F80
		_music_b0732d5f358	5082
		_music_b0732d5f359	5184
		_music_b0732d5f3510	5286
		_music_ca791703110	5387
		_music_ca791703111	54D9
		_music_ca791703112	55FB
		_music_ca791703113	574B
		_music_ca791703114	587C
		_music_ca791703115	597C
		_music_ca791703116	5AD2
		_music_ca791703117	5BFF
		_music_ca791703118	5D54
		_music_ca791703119	5E8C
		_music_ca7917031110	5F8C
		_music_ca7917031111	608C
		_music_f31eea5e190	618C
		_music_f31eea5e191	629A
		_music_f31eea5e192	639B
		_music_f31eea5e193	64A5
		_music_f31eea5e194	65AE
		_music_f31eea5e195	66B4
		_music_f31eea5e196	67CA
		_music_f31eea5e197	68D7
		_music_f31eea5e198	69D8
		_music_f31eea5e199	6AE2
		_music_f8a8db7830	6BE9
		_music_f8a8db7831	6CFB
		_music_f8a8db7832	6DFB
		_music_f8a8db7833	6EFB
AREA _CODE_28
	RADIX HEX
	BASE 4000
	SIZE 33C8
	ATTRIB REL CON
	GLOBALS
		_music_624c97cc360	4000
		_music_624c97cc361	4105
		_music_624c97cc362	4218
		_music_624c97cc363	431F
		_music_624c97cc364	4431
		_music_624c97cc365	4537
		_music_624c97cc366	4638
		_music_624c97cc367	473B
		_music_624c97cc368	4866
		_music_624c97cc369	496E
		_music_624c97cc3610	4A72
		_music_624c97cc3611	4B9D
		_music_72f9df32120	4CA7
		_music_72f9df32121	4DD8
		_music_72f9df32122	4F0A
		_music_72f9df32123	503B
		_music_72f9df32124	5173
		_music_72f9df32125	52A4
		_music_9f96961540	53DC
		_music_9f96961541	54DE
		_music_9f96961542	55FF
		_music_9f96961543	5700
		_music_9f96961544	5821
		_music_9f96961545	5942
		_music_9f96961546	5A61
		_music_9f96961547	5B82
		_music_9f96961548	5CB6
		_music_9f96961549	5DFE
		_music_9f969615410	5F35
		_music_9f969615411	6069
		_music_9f969615412	6188
		_music_9f969615413	62A4
		_music_9f969615414	63EC
		_music_b6eb896b200	6524
		_music_b6eb896b201	6637
		_music_b6eb896b202	6738
		_music_b6eb896b203	6842
		_music_b6eb896b204	694B
		_music_b6eb896b205	6A51
		_music_b6eb896b206	6B64
		_music_b6eb896b207	6C78
		_music_e62e557e280	6D79
		_music_e62e557e281	6E88
		_music_e62e557e282	6F96
		_music_e62e557e283	70AB
		_music_e62e557e284	71C3
		_music_e62e557e285	72C4
AREA _CODE_30
	RADIX HEX
	BASE 4000
	SIZE 3AEE
	ATTRIB REL CON
	GLOBALS
		_music_68e020f9140	4000
		_music_68e020f9141	4145
		_music_68e020f9142	4270
		_music_68e020f9143	43B4
		_music_68e020f9144	44DE
		_music_68e020f9145	4629
		_music_68e020f9146	478B
		_music_68e020f9147	488E
		_music_68e020f9148	49D2
		_music_68e020f9149	4B17
		_music_68e020f91410	4C5E
		_music_75d4815c60	4DC6
		_music_75d4815c61	4F47
		_music_75d4815c62	50C7
		_music_75d4815c63	51C8
		_music_75d4815c64	5309
		_music_75d4815c65	5449
		_music_75d4815c66	55DF
		_music_75d4815c67	5775
		_music_75d4815c68	5876
		_music_75d4815c69	59CC
		_music_75d4815c610	5B19
		_music_75d4815c611	5CAF
		_music_75d4815c612	5E45
		_music_75d4815c613	5F46
		_music_75d4815c614	609C
		_music_d3bf0f04300	61EA
		_music_d3bf0f04301	6324
		_music_d3bf0f04302	6445
		_music_d3bf0f04303	657E
		_music_d3bf0f04304	66B0
		_music_d3bf0f04305	67ED
		_music_d3bf0f04306	692A
		_music_d3bf0f04307	6A6A
		_music_d3bf0f04308	6BB3
		_music_d3bf0f04309	6CF3
		_music_d3bf0f043010	6E3C
		_music_d3bf0f043011	6F3C
		_music_d3bf0f043012	706F
		_music_e5512a9a220	71AC
		_music_e5512a9a221	72E1
		_music_e5512a9a222	73E1
		_music_e5512a9a223	74E1
		_music_e5512a9a224	75E1
		_music_e5512a9a225	76E1
		_music_e5512a9a226	77E1
		_music_e5512a9a227	78E1
		_music_e5512a9a228	79E3
MODULES
	FILE C:\Users\iwaza\AppData\Local\Temp/_gbs/gbdk/lib/small/asxxxx/gb/crt0.o
		NAME Runtime
	FILE obj/BankData.o
		NAME lcc164120
	FILE obj/BankManager.o
		NAME lcc111520
	FILE obj/FadeManager.o
		NAME lcc173040
	FILE obj/Math.o
		NAME lcc153360
	FILE obj/MusicManager.o
		NAME lcc122400
	FILE obj/Scene.o
		NAME lcc119440
	FILE obj/Scene_b.o
		NAME lcc201680
	FILE obj/ScriptRunner.o
		NAME lcc71000
	FILE obj/ScriptRunner_b.o
		NAME lcc170280
	FILE obj/SpriteHelpers.o
		NAME lcc89520
	FILE obj/Stack.o
		NAME lcc182720
	FILE obj/UI.o
		NAME lcc166120
	FILE obj/UI_b.o
		NAME lcc69840
	FILE obj/game.o
		NAME lcc233840
	FILE obj/gbt_player.o
	FILE obj/gbt_player_bank1.o
	FILE obj/data/bank_10.o
		NAME lcc196720
	FILE obj/data/bank_11.o
		NAME lcc34320
	FILE obj/data/bank_12.o
		NAME lcc123640
	FILE obj/data/bank_13.o
		NAME lcc140400
	FILE obj/data/bank_14.o
		NAME lcc207120
	FILE obj/data/bank_15.o
		NAME lcc11480
	FILE obj/data/bank_16.o
		NAME lcc118200
	FILE obj/data/bank_17.o
		NAME lcc60400
	FILE obj/data/bank_18.o
		NAME lcc225840
	FILE obj/data/bank_19.o
		NAME lcc193840
	FILE obj/data/bank_20.o
		NAME lcc203080
	FILE obj/data/bank_21.o
		NAME lcc173240
	FILE obj/data/bank_22.o
		NAME lcc217160
	FILE obj/data/bank_6.o
		NAME lcc178280
	FILE obj/data/bank_7.o
		NAME lcc196840
	FILE obj/data/bank_8.o
		NAME lcc232880
	FILE obj/data/bank_9.o
		NAME lcc195080
	FILE obj/data/data_ptrs.o
		NAME lcc126920
	FILE obj/music/music_0b9922c429.o
		NAME lcc74920
	FILE obj/music/music_0ee528d39.o
		NAME lcc164240
	FILE obj/music/music_0f9c315a31.o
		NAME lcc172000
	FILE obj/music/music_169aee5116.o
		NAME lcc92400
	FILE obj/music/music_1e9fc8d00.o
		NAME lcc83120
	FILE obj/music/music_21423c2c7.o
		NAME lcc97080
	FILE obj/music/music_22c7914e34.o
		NAME lcc186760
	FILE obj/music/music_24c4396a27.o
		NAME lcc68040
	FILE obj/music/music_33dea33613.o
		NAME lcc209560
	FILE obj/music/music_3b05d9ce8.o
		NAME lcc102720
	FILE obj/music/music_4f296fdb1.o
		NAME lcc52480
	FILE obj/music/music_624c97cc36.o
		NAME lcc150000
	FILE obj/music/music_6310971a23.o
		NAME lcc97880
	FILE obj/music/music_64c8d9da32.o
		NAME lcc216280
	FILE obj/music/music_68e020f914.o
		NAME lcc215720
	FILE obj/music/music_72f9df3212.o
		NAME lcc78120
	FILE obj/music/music_75d4815c6.o
		NAME lcc118640
	FILE obj/music/music_9f9696154.o
		NAME lcc85040
	FILE obj/music/music_a23552a515.o
		NAME lcc224600
	FILE obj/music/music_a472810d2.o
		NAME lcc207400
	FILE obj/music/music_b06a387a33.o
		NAME lcc58240
	FILE obj/music/music_b0732d5f35.o
		NAME lcc73400
	FILE obj/music/music_b6eb896b20.o
		NAME lcc168160
	FILE obj/music/music_ba75469418.o
		NAME lcc98120
	FILE obj/music/music_ca79170311.o
		NAME lcc153480
	FILE obj/music/music_d3bf0f0430.o
		NAME lcc204720
	FILE obj/music/music_d88b7a8124.o
		NAME lcc124600
	FILE obj/music/music_dbcb61ef21.o
		NAME lcc172440
	FILE obj/music/music_df1296c025.o
		NAME lcc198320
	FILE obj/music/music_e5512a9a22.o
		NAME lcc167720
	FILE obj/music/music_e62e557e28.o
		NAME lcc142440
	FILE obj/music/music_e855dc455.o
		NAME lcc76520
	FILE obj/music/music_f31eea5e19.o
		NAME lcc65440
	FILE obj/music/music_f538970d10.o
		NAME lcc20360
	FILE obj/music/music_f8a8db783.o
		NAME lcc157320
	FILE obj/music/music_fbcd676826.o
		NAME lcc198960
	FILE obj/music/music_ff61756a17.o
		NAME lcc111760
LIBRARIES
	LIBRARY C:\Users\iwaza\AppData\Local\Temp/_gbs/gbdk/lib/small/asxxxx/gb/gb.lib
		MODULE set_prop.o
	LIBRARY C:\Users\iwaza\AppData\Local\Temp/_gbs/gbdk/lib/small/asxxxx/gb/gb.lib
		MODULE rand.o
	LIBRARY C:\Users\iwaza\AppData\Local\Temp/_gbs/gbdk/lib/small/asxxxx/gbz80/gbz80.lib
		MODULE asm_string.o
	LIBRARY C:\Users\iwaza\AppData\Local\Temp/_gbs/gbdk/lib/small/asxxxx/gb/gb.lib
		MODULE mv_spr.o
	LIBRARY C:\Users\iwaza\AppData\Local\Temp/_gbs/gbdk/lib/small/asxxxx/gbz80/gbz80.lib
		MODULE mul.o
	LIBRARY C:\Users\iwaza\AppData\Local\Temp/_gbs/gbdk/lib/small/asxxxx/gbz80/gbz80.lib
		MODULE div.o
	LIBRARY C:\Users\iwaza\AppData\Local\Temp/_gbs/gbdk/lib/small/asxxxx/gb/gb.lib
		MODULE set_wi_t.o
	LIBRARY C:\Users\iwaza\AppData\Local\Temp/_gbs/gbdk/lib/small/asxxxx/gb/gb.lib
		MODULE set_data.o
	LIBRARY C:\Users\iwaza\AppData\Local\Temp/_gbs/gbdk/lib/small/asxxxx/gb/gb.lib
		MODULE pad.o
	LIBRARY C:\Users\iwaza\AppData\Local\Temp/_gbs/gbdk/lib/small/asxxxx/gb/gb.lib
		MODULE set_spr.o
	LIBRARY C:\Users\iwaza\AppData\Local\Temp/_gbs/gbdk/lib/small/asxxxx/gbz80/gbz80.lib
		MODULE strcat.o
	LIBRARY C:\Users\iwaza\AppData\Local\Temp/_gbs/gbdk/lib/small/asxxxx/gbz80/gbz80.lib
		MODULE strlen.o
	LIBRARY C:\Users\iwaza\AppData\Local\Temp/_gbs/gbdk/lib/small/asxxxx/gb/gb.lib
		MODULE cpy_data.o
	LIBRARY C:\Users\iwaza\AppData\Local\Temp/_gbs/gbdk/lib/small/asxxxx/gb/gb.lib
		MODULE set_bk_t.o
	LIBRARY C:\Users\iwaza\AppData\Local\Temp/_gbs/gbdk/lib/small/asxxxx/gb/gb.lib
		MODULE set_xy_t.o
USERBASEDEF
	_CODE=0x0200
	_DATA=0xC0A0
	_CODE_1=0x4000
	_CODE_2=0x4000
	_CODE_3=0x4000
	_CODE_4=0x4000
	_CODE_5=0x4000
	_CODE_6=0x4000
	_CODE_7=0x4000
	_CODE_8=0x4000
	_CODE_9=0x4000
	_CODE_10=0x4000
	_CODE_11=0x4000
	_CODE_12=0x4000
	_CODE_13=0x4000
	_CODE_14=0x4000
	_CODE_15=0x4000
	_CODE_16=0x4000
	_CODE_17=0x4000
	_CODE_18=0x4000
	_CODE_19=0x4000
	_CODE_20=0x4000
	_CODE_21=0x4000
	_CODE_22=0x4000
	_CODE_23=0x4000
	_CODE_24=0x4000
	_CODE_25=0x4000
	_CODE_26=0x4000
	_CODE_27=0x4000
	_CODE_28=0x4000
	_CODE_29=0x4000
	_CODE_30=0x4000
	_CODE_31=0x4000
	_CODE_32=0x4000
	_CODE_33=0x4000
	_CODE_34=0x4000
	_CODE_35=0x4000
	_CODE_36=0x4000
	_CODE_37=0x4000
	_CODE_38=0x4000
	_CODE_39=0x4000
	_CODE_40=0x4000
	_CODE_41=0x4000
	_CODE_42=0x4000
	_CODE_43=0x4000
	_CODE_44=0x4000
	_CODE_45=0x4000
	_CODE_46=0x4000
	_CODE_47=0x4000
	_CODE_48=0x4000
	_CODE_49=0x4000
	_CODE_50=0x4000
	_CODE_51=0x4000
	_CODE_52=0x4000
	_CODE_53=0x4000
	_CODE_54=0x4000
	_CODE_55=0x4000
	_CODE_56=0x4000
	_CODE_57=0x4000
	_CODE_58=0x4000
	_CODE_59=0x4000
	_CODE_60=0x4000
	_CODE_61=0x4000
	_CODE_62=0x4000
	_CODE_63=0x4000
	_DATA_0=0xA000
	_DATA_1=0xA000
	_DATA_2=0xA000
	_DATA_3=0xA000
USERGLOBALDEF
	.OAM=0xC000
	.STACK=0xE000
	.refresh_OAM=0xFF80
	.init=0x0000
